// Jest Snapshot v1, https://goo.gl/fbAQLP

exports[`App renders without crashing 1`] = `
<div>
  <button
    onClick={[Function]}
  >
    People
  </button>
</div>
`;

exports[`App should reset state after a click 1`] = `
<div>
  <button
    onClick={[Function]}
  >
    People
  </button>
</div>
`;
