// Jest Snapshot v1, https://goo.gl/fbAQLP

exports[`App renders without crashing 1`] = `
<div
  className="l-nav"
>
  <div
    id="burger-container"
    onClick={[Function]}
  >
    <div
      id="burger"
    >
      <div
        className="bun top"
      />
      <div
        className="filling"
      />
      <div
        className="bun bottom"
      />
    </div>
  </div>
  <nav
    className="nav-container undefined"
    id="nav"
  >
    <ul
      className="l-menu menu"
    >
      <li
        className="menu-btn"
      >
        <Button
          buttonText="Home"
        />
      </li>
      <li
        id="logo-parent"
      >
        <a
          href="#"
        >
          <img
            alt="Star Wars Logo"
            className="nav-logo"
            src="https://upload.wikimedia.org/wikipedia/commons/thumb/9/9b/Star_Wars_Yellow_Logo.svg/634px-Star_Wars_Yellow_Logo.svg.png"
          />
        </a>
      </li>
      <li
        className="menu-btn green"
      >
        <Button
          buttonText="People"
        />
      </li>
      <li
        className="menu-btn red"
      >
        <Button
          buttonText="Planets"
        />
      </li>
      <li
        className="menu-btn yellow"
      >
        <Button
          buttonText="Vehicles"
        />
      </li>
      <li
        className="menu-btn purple"
      >
        <Button
          buttonText="Favourites"
        />
      </li>
    </ul>
  </nav>
</div>
`;
