// Jest Snapshot v1, https://goo.gl/fbAQLP

exports[`App should set state with the correct data 1`] = `
Object {
  "categories": Array [
    Object {
      "category": "planets",
      "page": 1,
    },
    Object {
      "category": "people",
      "page": 1,
    },
    Object {
      "category": "vehicles",
      "page": 1,
    },
    Object {
      "category": "films",
      "page": 1,
    },
  ],
  "films": Object {
    "count": 7,
    "next": null,
    "previous": null,
    "results": Array [
      Object {
        "characters": Array [
          "https://swapi.co/api/people/1/",
          "https://swapi.co/api/people/2/",
          "https://swapi.co/api/people/3/",
          "https://swapi.co/api/people/4/",
          "https://swapi.co/api/people/5/",
          "https://swapi.co/api/people/6/",
          "https://swapi.co/api/people/7/",
          "https://swapi.co/api/people/8/",
          "https://swapi.co/api/people/9/",
          "https://swapi.co/api/people/10/",
          "https://swapi.co/api/people/12/",
          "https://swapi.co/api/people/13/",
          "https://swapi.co/api/people/14/",
          "https://swapi.co/api/people/15/",
          "https://swapi.co/api/people/16/",
          "https://swapi.co/api/people/18/",
          "https://swapi.co/api/people/19/",
          "https://swapi.co/api/people/81/",
        ],
        "created": "2014-12-10T14:23:31.880000Z",
        "director": "George Lucas",
        "edited": "2015-04-11T09:46:52.774897Z",
        "episode_id": 4,
        "opening_crawl": "It is a period of civil war.
Rebel spaceships, striking
from a hidden base, have won
their first victory against
the evil Galactic Empire.

During the battle, Rebel
spies managed to steal secret
plans to the Empire's
ultimate weapon, the DEATH
STAR, an armored space
station with enough power
to destroy an entire planet.

Pursued by the Empire's
sinister agents, Princess
Leia races home aboard her
starship, custodian of the
stolen plans that can save her
people and restore
freedom to the galaxy....",
        "planets": Array [
          "https://swapi.co/api/planets/2/",
          "https://swapi.co/api/planets/3/",
          "https://swapi.co/api/planets/1/",
        ],
        "producer": "Gary Kurtz, Rick McCallum",
        "release_date": "1977-05-25",
        "species": Array [
          "https://swapi.co/api/species/5/",
          "https://swapi.co/api/species/3/",
          "https://swapi.co/api/species/2/",
          "https://swapi.co/api/species/1/",
          "https://swapi.co/api/species/4/",
        ],
        "starships": Array [
          "https://swapi.co/api/starships/2/",
          "https://swapi.co/api/starships/3/",
          "https://swapi.co/api/starships/5/",
          "https://swapi.co/api/starships/9/",
          "https://swapi.co/api/starships/10/",
          "https://swapi.co/api/starships/11/",
          "https://swapi.co/api/starships/12/",
          "https://swapi.co/api/starships/13/",
        ],
        "title": "A New Hope",
        "url": "https://swapi.co/api/films/1/",
        "vehicles": Array [
          "https://swapi.co/api/vehicles/4/",
          "https://swapi.co/api/vehicles/6/",
          "https://swapi.co/api/vehicles/7/",
          "https://swapi.co/api/vehicles/8/",
        ],
      },
      Object {
        "characters": Array [
          "https://swapi.co/api/people/2/",
          "https://swapi.co/api/people/3/",
          "https://swapi.co/api/people/6/",
          "https://swapi.co/api/people/7/",
          "https://swapi.co/api/people/10/",
          "https://swapi.co/api/people/11/",
          "https://swapi.co/api/people/20/",
          "https://swapi.co/api/people/21/",
          "https://swapi.co/api/people/22/",
          "https://swapi.co/api/people/33/",
          "https://swapi.co/api/people/36/",
          "https://swapi.co/api/people/40/",
          "https://swapi.co/api/people/43/",
          "https://swapi.co/api/people/46/",
          "https://swapi.co/api/people/51/",
          "https://swapi.co/api/people/52/",
          "https://swapi.co/api/people/53/",
          "https://swapi.co/api/people/58/",
          "https://swapi.co/api/people/59/",
          "https://swapi.co/api/people/60/",
          "https://swapi.co/api/people/61/",
          "https://swapi.co/api/people/62/",
          "https://swapi.co/api/people/63/",
          "https://swapi.co/api/people/64/",
          "https://swapi.co/api/people/65/",
          "https://swapi.co/api/people/66/",
          "https://swapi.co/api/people/67/",
          "https://swapi.co/api/people/68/",
          "https://swapi.co/api/people/69/",
          "https://swapi.co/api/people/70/",
          "https://swapi.co/api/people/71/",
          "https://swapi.co/api/people/72/",
          "https://swapi.co/api/people/73/",
          "https://swapi.co/api/people/74/",
          "https://swapi.co/api/people/75/",
          "https://swapi.co/api/people/76/",
          "https://swapi.co/api/people/77/",
          "https://swapi.co/api/people/78/",
          "https://swapi.co/api/people/82/",
          "https://swapi.co/api/people/35/",
        ],
        "created": "2014-12-20T10:57:57.886000Z",
        "director": "George Lucas",
        "edited": "2015-04-11T09:45:01.623982Z",
        "episode_id": 2,
        "opening_crawl": "There is unrest in the Galactic
Senate. Several thousand solar
systems have declared their
intentions to leave the Republic.

This separatist movement,
under the leadership of the
mysterious Count Dooku, has
made it difficult for the limited
number of Jedi Knights to maintain 
peace and order in the galaxy.

Senator Amidala, the former
Queen of Naboo, is returning
to the Galactic Senate to vote
on the critical issue of creating
an ARMY OF THE REPUBLIC
to assist the overwhelmed
Jedi....",
        "planets": Array [
          "https://swapi.co/api/planets/8/",
          "https://swapi.co/api/planets/9/",
          "https://swapi.co/api/planets/10/",
          "https://swapi.co/api/planets/11/",
          "https://swapi.co/api/planets/1/",
        ],
        "producer": "Rick McCallum",
        "release_date": "2002-05-16",
        "species": Array [
          "https://swapi.co/api/species/32/",
          "https://swapi.co/api/species/33/",
          "https://swapi.co/api/species/2/",
          "https://swapi.co/api/species/35/",
          "https://swapi.co/api/species/6/",
          "https://swapi.co/api/species/1/",
          "https://swapi.co/api/species/12/",
          "https://swapi.co/api/species/34/",
          "https://swapi.co/api/species/13/",
          "https://swapi.co/api/species/15/",
          "https://swapi.co/api/species/28/",
          "https://swapi.co/api/species/29/",
          "https://swapi.co/api/species/30/",
          "https://swapi.co/api/species/31/",
        ],
        "starships": Array [
          "https://swapi.co/api/starships/21/",
          "https://swapi.co/api/starships/39/",
          "https://swapi.co/api/starships/43/",
          "https://swapi.co/api/starships/47/",
          "https://swapi.co/api/starships/48/",
          "https://swapi.co/api/starships/49/",
          "https://swapi.co/api/starships/32/",
          "https://swapi.co/api/starships/52/",
          "https://swapi.co/api/starships/58/",
        ],
        "title": "Attack of the Clones",
        "url": "https://swapi.co/api/films/5/",
        "vehicles": Array [
          "https://swapi.co/api/vehicles/4/",
          "https://swapi.co/api/vehicles/44/",
          "https://swapi.co/api/vehicles/45/",
          "https://swapi.co/api/vehicles/46/",
          "https://swapi.co/api/vehicles/50/",
          "https://swapi.co/api/vehicles/51/",
          "https://swapi.co/api/vehicles/53/",
          "https://swapi.co/api/vehicles/54/",
          "https://swapi.co/api/vehicles/55/",
          "https://swapi.co/api/vehicles/56/",
          "https://swapi.co/api/vehicles/57/",
        ],
      },
      Object {
        "characters": Array [
          "https://swapi.co/api/people/2/",
          "https://swapi.co/api/people/3/",
          "https://swapi.co/api/people/10/",
          "https://swapi.co/api/people/11/",
          "https://swapi.co/api/people/16/",
          "https://swapi.co/api/people/20/",
          "https://swapi.co/api/people/21/",
          "https://swapi.co/api/people/32/",
          "https://swapi.co/api/people/33/",
          "https://swapi.co/api/people/34/",
          "https://swapi.co/api/people/36/",
          "https://swapi.co/api/people/37/",
          "https://swapi.co/api/people/38/",
          "https://swapi.co/api/people/39/",
          "https://swapi.co/api/people/40/",
          "https://swapi.co/api/people/41/",
          "https://swapi.co/api/people/42/",
          "https://swapi.co/api/people/43/",
          "https://swapi.co/api/people/44/",
          "https://swapi.co/api/people/46/",
          "https://swapi.co/api/people/48/",
          "https://swapi.co/api/people/49/",
          "https://swapi.co/api/people/50/",
          "https://swapi.co/api/people/51/",
          "https://swapi.co/api/people/52/",
          "https://swapi.co/api/people/53/",
          "https://swapi.co/api/people/54/",
          "https://swapi.co/api/people/55/",
          "https://swapi.co/api/people/56/",
          "https://swapi.co/api/people/57/",
          "https://swapi.co/api/people/58/",
          "https://swapi.co/api/people/59/",
          "https://swapi.co/api/people/47/",
          "https://swapi.co/api/people/35/",
        ],
        "created": "2014-12-19T16:52:55.740000Z",
        "director": "George Lucas",
        "edited": "2015-04-11T09:45:18.689301Z",
        "episode_id": 1,
        "opening_crawl": "Turmoil has engulfed the
Galactic Republic. The taxation
of trade routes to outlying star
systems is in dispute.

Hoping to resolve the matter
with a blockade of deadly
battleships, the greedy Trade
Federation has stopped all
shipping to the small planet
of Naboo.

While the Congress of the
Republic endlessly debates
this alarming chain of events,
the Supreme Chancellor has
secretly dispatched two Jedi
Knights, the guardians of
peace and justice in the
galaxy, to settle the conflict....",
        "planets": Array [
          "https://swapi.co/api/planets/8/",
          "https://swapi.co/api/planets/9/",
          "https://swapi.co/api/planets/1/",
        ],
        "producer": "Rick McCallum",
        "release_date": "1999-05-19",
        "species": Array [
          "https://swapi.co/api/species/1/",
          "https://swapi.co/api/species/2/",
          "https://swapi.co/api/species/6/",
          "https://swapi.co/api/species/11/",
          "https://swapi.co/api/species/12/",
          "https://swapi.co/api/species/13/",
          "https://swapi.co/api/species/14/",
          "https://swapi.co/api/species/15/",
          "https://swapi.co/api/species/16/",
          "https://swapi.co/api/species/17/",
          "https://swapi.co/api/species/18/",
          "https://swapi.co/api/species/19/",
          "https://swapi.co/api/species/20/",
          "https://swapi.co/api/species/21/",
          "https://swapi.co/api/species/22/",
          "https://swapi.co/api/species/23/",
          "https://swapi.co/api/species/24/",
          "https://swapi.co/api/species/25/",
          "https://swapi.co/api/species/26/",
          "https://swapi.co/api/species/27/",
        ],
        "starships": Array [
          "https://swapi.co/api/starships/40/",
          "https://swapi.co/api/starships/41/",
          "https://swapi.co/api/starships/31/",
          "https://swapi.co/api/starships/32/",
          "https://swapi.co/api/starships/39/",
        ],
        "title": "The Phantom Menace",
        "url": "https://swapi.co/api/films/4/",
        "vehicles": Array [
          "https://swapi.co/api/vehicles/33/",
          "https://swapi.co/api/vehicles/34/",
          "https://swapi.co/api/vehicles/35/",
          "https://swapi.co/api/vehicles/36/",
          "https://swapi.co/api/vehicles/37/",
          "https://swapi.co/api/vehicles/38/",
          "https://swapi.co/api/vehicles/42/",
        ],
      },
      Object {
        "characters": Array [
          "https://swapi.co/api/people/1/",
          "https://swapi.co/api/people/2/",
          "https://swapi.co/api/people/3/",
          "https://swapi.co/api/people/4/",
          "https://swapi.co/api/people/5/",
          "https://swapi.co/api/people/6/",
          "https://swapi.co/api/people/7/",
          "https://swapi.co/api/people/10/",
          "https://swapi.co/api/people/11/",
          "https://swapi.co/api/people/12/",
          "https://swapi.co/api/people/13/",
          "https://swapi.co/api/people/20/",
          "https://swapi.co/api/people/21/",
          "https://swapi.co/api/people/33/",
          "https://swapi.co/api/people/46/",
          "https://swapi.co/api/people/51/",
          "https://swapi.co/api/people/52/",
          "https://swapi.co/api/people/53/",
          "https://swapi.co/api/people/54/",
          "https://swapi.co/api/people/55/",
          "https://swapi.co/api/people/56/",
          "https://swapi.co/api/people/58/",
          "https://swapi.co/api/people/63/",
          "https://swapi.co/api/people/64/",
          "https://swapi.co/api/people/67/",
          "https://swapi.co/api/people/68/",
          "https://swapi.co/api/people/75/",
          "https://swapi.co/api/people/78/",
          "https://swapi.co/api/people/79/",
          "https://swapi.co/api/people/80/",
          "https://swapi.co/api/people/81/",
          "https://swapi.co/api/people/82/",
          "https://swapi.co/api/people/83/",
          "https://swapi.co/api/people/35/",
        ],
        "created": "2014-12-20T18:49:38.403000Z",
        "director": "George Lucas",
        "edited": "2015-04-11T09:45:44.862122Z",
        "episode_id": 3,
        "opening_crawl": "War! The Republic is crumbling
under attacks by the ruthless
Sith Lord, Count Dooku.
There are heroes on both sides.
Evil is everywhere.

In a stunning move, the
fiendish droid leader, General
Grievous, has swept into the
Republic capital and kidnapped
Chancellor Palpatine, leader of
the Galactic Senate.

As the Separatist Droid Army
attempts to flee the besieged
capital with their valuable
hostage, two Jedi Knights lead a
desperate mission to rescue the
captive Chancellor....",
        "planets": Array [
          "https://swapi.co/api/planets/2/",
          "https://swapi.co/api/planets/5/",
          "https://swapi.co/api/planets/8/",
          "https://swapi.co/api/planets/9/",
          "https://swapi.co/api/planets/12/",
          "https://swapi.co/api/planets/13/",
          "https://swapi.co/api/planets/14/",
          "https://swapi.co/api/planets/15/",
          "https://swapi.co/api/planets/16/",
          "https://swapi.co/api/planets/17/",
          "https://swapi.co/api/planets/18/",
          "https://swapi.co/api/planets/19/",
          "https://swapi.co/api/planets/1/",
        ],
        "producer": "Rick McCallum",
        "release_date": "2005-05-19",
        "species": Array [
          "https://swapi.co/api/species/19/",
          "https://swapi.co/api/species/33/",
          "https://swapi.co/api/species/2/",
          "https://swapi.co/api/species/3/",
          "https://swapi.co/api/species/36/",
          "https://swapi.co/api/species/37/",
          "https://swapi.co/api/species/6/",
          "https://swapi.co/api/species/1/",
          "https://swapi.co/api/species/34/",
          "https://swapi.co/api/species/15/",
          "https://swapi.co/api/species/35/",
          "https://swapi.co/api/species/20/",
          "https://swapi.co/api/species/23/",
          "https://swapi.co/api/species/24/",
          "https://swapi.co/api/species/25/",
          "https://swapi.co/api/species/26/",
          "https://swapi.co/api/species/27/",
          "https://swapi.co/api/species/28/",
          "https://swapi.co/api/species/29/",
          "https://swapi.co/api/species/30/",
        ],
        "starships": Array [
          "https://swapi.co/api/starships/48/",
          "https://swapi.co/api/starships/59/",
          "https://swapi.co/api/starships/61/",
          "https://swapi.co/api/starships/32/",
          "https://swapi.co/api/starships/63/",
          "https://swapi.co/api/starships/64/",
          "https://swapi.co/api/starships/65/",
          "https://swapi.co/api/starships/66/",
          "https://swapi.co/api/starships/74/",
          "https://swapi.co/api/starships/75/",
          "https://swapi.co/api/starships/2/",
          "https://swapi.co/api/starships/68/",
        ],
        "title": "Revenge of the Sith",
        "url": "https://swapi.co/api/films/6/",
        "vehicles": Array [
          "https://swapi.co/api/vehicles/33/",
          "https://swapi.co/api/vehicles/50/",
          "https://swapi.co/api/vehicles/53/",
          "https://swapi.co/api/vehicles/56/",
          "https://swapi.co/api/vehicles/60/",
          "https://swapi.co/api/vehicles/62/",
          "https://swapi.co/api/vehicles/67/",
          "https://swapi.co/api/vehicles/69/",
          "https://swapi.co/api/vehicles/70/",
          "https://swapi.co/api/vehicles/71/",
          "https://swapi.co/api/vehicles/72/",
          "https://swapi.co/api/vehicles/73/",
          "https://swapi.co/api/vehicles/76/",
        ],
      },
      Object {
        "characters": Array [
          "https://swapi.co/api/people/1/",
          "https://swapi.co/api/people/2/",
          "https://swapi.co/api/people/3/",
          "https://swapi.co/api/people/4/",
          "https://swapi.co/api/people/5/",
          "https://swapi.co/api/people/10/",
          "https://swapi.co/api/people/13/",
          "https://swapi.co/api/people/14/",
          "https://swapi.co/api/people/16/",
          "https://swapi.co/api/people/18/",
          "https://swapi.co/api/people/20/",
          "https://swapi.co/api/people/21/",
          "https://swapi.co/api/people/22/",
          "https://swapi.co/api/people/25/",
          "https://swapi.co/api/people/27/",
          "https://swapi.co/api/people/28/",
          "https://swapi.co/api/people/29/",
          "https://swapi.co/api/people/30/",
          "https://swapi.co/api/people/31/",
          "https://swapi.co/api/people/45/",
        ],
        "created": "2014-12-18T10:39:33.255000Z",
        "director": "Richard Marquand",
        "edited": "2015-04-11T09:46:05.220365Z",
        "episode_id": 6,
        "opening_crawl": "Luke Skywalker has returned to
his home planet of Tatooine in
an attempt to rescue his
friend Han Solo from the
clutches of the vile gangster
Jabba the Hutt.

Little does Luke know that the
GALACTIC EMPIRE has secretly
begun construction on a new
armored space station even
more powerful than the first
dreaded Death Star.

When completed, this ultimate
weapon will spell certain doom
for the small band of rebels
struggling to restore freedom
to the galaxy...",
        "planets": Array [
          "https://swapi.co/api/planets/5/",
          "https://swapi.co/api/planets/7/",
          "https://swapi.co/api/planets/8/",
          "https://swapi.co/api/planets/9/",
          "https://swapi.co/api/planets/1/",
        ],
        "producer": "Howard G. Kazanjian, George Lucas, Rick McCallum",
        "release_date": "1983-05-25",
        "species": Array [
          "https://swapi.co/api/species/1/",
          "https://swapi.co/api/species/2/",
          "https://swapi.co/api/species/3/",
          "https://swapi.co/api/species/5/",
          "https://swapi.co/api/species/6/",
          "https://swapi.co/api/species/8/",
          "https://swapi.co/api/species/9/",
          "https://swapi.co/api/species/10/",
          "https://swapi.co/api/species/15/",
        ],
        "starships": Array [
          "https://swapi.co/api/starships/15/",
          "https://swapi.co/api/starships/10/",
          "https://swapi.co/api/starships/11/",
          "https://swapi.co/api/starships/12/",
          "https://swapi.co/api/starships/22/",
          "https://swapi.co/api/starships/23/",
          "https://swapi.co/api/starships/27/",
          "https://swapi.co/api/starships/28/",
          "https://swapi.co/api/starships/29/",
          "https://swapi.co/api/starships/3/",
          "https://swapi.co/api/starships/17/",
          "https://swapi.co/api/starships/2/",
        ],
        "title": "Return of the Jedi",
        "url": "https://swapi.co/api/films/3/",
        "vehicles": Array [
          "https://swapi.co/api/vehicles/8/",
          "https://swapi.co/api/vehicles/16/",
          "https://swapi.co/api/vehicles/18/",
          "https://swapi.co/api/vehicles/19/",
          "https://swapi.co/api/vehicles/24/",
          "https://swapi.co/api/vehicles/25/",
          "https://swapi.co/api/vehicles/26/",
          "https://swapi.co/api/vehicles/30/",
        ],
      },
      Object {
        "characters": Array [
          "https://swapi.co/api/people/1/",
          "https://swapi.co/api/people/2/",
          "https://swapi.co/api/people/3/",
          "https://swapi.co/api/people/4/",
          "https://swapi.co/api/people/5/",
          "https://swapi.co/api/people/10/",
          "https://swapi.co/api/people/13/",
          "https://swapi.co/api/people/14/",
          "https://swapi.co/api/people/18/",
          "https://swapi.co/api/people/20/",
          "https://swapi.co/api/people/21/",
          "https://swapi.co/api/people/22/",
          "https://swapi.co/api/people/23/",
          "https://swapi.co/api/people/24/",
          "https://swapi.co/api/people/25/",
          "https://swapi.co/api/people/26/",
        ],
        "created": "2014-12-12T11:26:24.656000Z",
        "director": "Irvin Kershner",
        "edited": "2017-04-19T10:57:29.544256Z",
        "episode_id": 5,
        "opening_crawl": "It is a dark time for the
Rebellion. Although the Death
Star has been destroyed,
Imperial troops have driven the
Rebel forces from their hidden
base and pursued them across
the galaxy.

Evading the dreaded Imperial
Starfleet, a group of freedom
fighters led by Luke Skywalker
has established a new secret
base on the remote ice world
of Hoth.

The evil lord Darth Vader,
obsessed with finding young
Skywalker, has dispatched
thousands of remote probes into
the far reaches of space....",
        "planets": Array [
          "https://swapi.co/api/planets/4/",
          "https://swapi.co/api/planets/5/",
          "https://swapi.co/api/planets/6/",
          "https://swapi.co/api/planets/27/",
        ],
        "producer": "Gary Kurtz, Rick McCallum",
        "release_date": "1980-05-17",
        "species": Array [
          "https://swapi.co/api/species/6/",
          "https://swapi.co/api/species/7/",
          "https://swapi.co/api/species/3/",
          "https://swapi.co/api/species/2/",
          "https://swapi.co/api/species/1/",
        ],
        "starships": Array [
          "https://swapi.co/api/starships/15/",
          "https://swapi.co/api/starships/10/",
          "https://swapi.co/api/starships/11/",
          "https://swapi.co/api/starships/12/",
          "https://swapi.co/api/starships/21/",
          "https://swapi.co/api/starships/22/",
          "https://swapi.co/api/starships/23/",
          "https://swapi.co/api/starships/3/",
          "https://swapi.co/api/starships/17/",
        ],
        "title": "The Empire Strikes Back",
        "url": "https://swapi.co/api/films/2/",
        "vehicles": Array [
          "https://swapi.co/api/vehicles/8/",
          "https://swapi.co/api/vehicles/14/",
          "https://swapi.co/api/vehicles/16/",
          "https://swapi.co/api/vehicles/18/",
          "https://swapi.co/api/vehicles/19/",
          "https://swapi.co/api/vehicles/20/",
        ],
      },
      Object {
        "characters": Array [
          "https://swapi.co/api/people/1/",
          "https://swapi.co/api/people/3/",
          "https://swapi.co/api/people/5/",
          "https://swapi.co/api/people/13/",
          "https://swapi.co/api/people/14/",
          "https://swapi.co/api/people/27/",
          "https://swapi.co/api/people/84/",
          "https://swapi.co/api/people/85/",
          "https://swapi.co/api/people/86/",
          "https://swapi.co/api/people/87/",
          "https://swapi.co/api/people/88/",
        ],
        "created": "2015-04-17T06:51:30.504780Z",
        "director": "J. J. Abrams",
        "edited": "2015-12-17T14:31:47.617768Z",
        "episode_id": 7,
        "opening_crawl": "Luke Skywalker has vanished.
In his absence, the sinister
FIRST ORDER has risen from
the ashes of the Empire
and will not rest until
Skywalker, the last Jedi,
has been destroyed.
 
With the support of the
REPUBLIC, General Leia Organa
leads a brave RESISTANCE.
She is desperate to find her
brother Luke and gain his
help in restoring peace and
justice to the galaxy.
 
Leia has sent her most daring
pilot on a secret mission
to Jakku, where an old ally
has discovered a clue to
Luke's whereabouts....",
        "planets": Array [
          "https://swapi.co/api/planets/61/",
        ],
        "producer": "Kathleen Kennedy, J. J. Abrams, Bryan Burk",
        "release_date": "2015-12-11",
        "species": Array [
          "https://swapi.co/api/species/3/",
          "https://swapi.co/api/species/2/",
          "https://swapi.co/api/species/1/",
        ],
        "starships": Array [
          "https://swapi.co/api/starships/77/",
          "https://swapi.co/api/starships/10/",
        ],
        "title": "The Force Awakens",
        "url": "https://swapi.co/api/films/7/",
        "vehicles": Array [],
      },
    ],
  },
  "people": Object {
    "count": 87,
    "next": "https://swapi.co/api/people/?page=2",
    "previous": null,
    "results": Array [
      Object {
        "birth_year": "19BBY",
        "created": "2014-12-09T13:50:51.644000Z",
        "edited": "2014-12-20T21:17:56.891000Z",
        "eye_color": "blue",
        "films": Array [
          "https://swapi.co/api/films/2/",
          "https://swapi.co/api/films/6/",
          "https://swapi.co/api/films/3/",
          "https://swapi.co/api/films/1/",
          "https://swapi.co/api/films/7/",
        ],
        "gender": "male",
        "hair_color": "blond",
        "height": "172",
        "homeworld": "https://swapi.co/api/planets/1/",
        "mass": "77",
        "name": "Luke Skywalker",
        "skin_color": "fair",
        "species": Array [
          "https://swapi.co/api/species/1/",
        ],
        "starships": Array [
          "https://swapi.co/api/starships/12/",
          "https://swapi.co/api/starships/22/",
        ],
        "url": "https://swapi.co/api/people/1/",
        "vehicles": Array [
          "https://swapi.co/api/vehicles/14/",
          "https://swapi.co/api/vehicles/30/",
        ],
      },
      Object {
        "birth_year": "112BBY",
        "created": "2014-12-10T15:10:51.357000Z",
        "edited": "2014-12-20T21:17:50.309000Z",
        "eye_color": "yellow",
        "films": Array [
          "https://swapi.co/api/films/2/",
          "https://swapi.co/api/films/5/",
          "https://swapi.co/api/films/4/",
          "https://swapi.co/api/films/6/",
          "https://swapi.co/api/films/3/",
          "https://swapi.co/api/films/1/",
        ],
        "gender": "n/a",
        "hair_color": "n/a",
        "height": "167",
        "homeworld": "https://swapi.co/api/planets/1/",
        "mass": "75",
        "name": "C-3PO",
        "skin_color": "gold",
        "species": Array [
          "https://swapi.co/api/species/2/",
        ],
        "starships": Array [],
        "url": "https://swapi.co/api/people/2/",
        "vehicles": Array [],
      },
      Object {
        "birth_year": "33BBY",
        "created": "2014-12-10T15:11:50.376000Z",
        "edited": "2014-12-20T21:17:50.311000Z",
        "eye_color": "red",
        "films": Array [
          "https://swapi.co/api/films/2/",
          "https://swapi.co/api/films/5/",
          "https://swapi.co/api/films/4/",
          "https://swapi.co/api/films/6/",
          "https://swapi.co/api/films/3/",
          "https://swapi.co/api/films/1/",
          "https://swapi.co/api/films/7/",
        ],
        "gender": "n/a",
        "hair_color": "n/a",
        "height": "96",
        "homeworld": "https://swapi.co/api/planets/8/",
        "mass": "32",
        "name": "R2-D2",
        "skin_color": "white, blue",
        "species": Array [
          "https://swapi.co/api/species/2/",
        ],
        "starships": Array [],
        "url": "https://swapi.co/api/people/3/",
        "vehicles": Array [],
      },
      Object {
        "birth_year": "41.9BBY",
        "created": "2014-12-10T15:18:20.704000Z",
        "edited": "2014-12-20T21:17:50.313000Z",
        "eye_color": "yellow",
        "films": Array [
          "https://swapi.co/api/films/2/",
          "https://swapi.co/api/films/6/",
          "https://swapi.co/api/films/3/",
          "https://swapi.co/api/films/1/",
        ],
        "gender": "male",
        "hair_color": "none",
        "height": "202",
        "homeworld": "https://swapi.co/api/planets/1/",
        "mass": "136",
        "name": "Darth Vader",
        "skin_color": "white",
        "species": Array [
          "https://swapi.co/api/species/1/",
        ],
        "starships": Array [
          "https://swapi.co/api/starships/13/",
        ],
        "url": "https://swapi.co/api/people/4/",
        "vehicles": Array [],
      },
      Object {
        "birth_year": "19BBY",
        "created": "2014-12-10T15:20:09.791000Z",
        "edited": "2014-12-20T21:17:50.315000Z",
        "eye_color": "brown",
        "films": Array [
          "https://swapi.co/api/films/2/",
          "https://swapi.co/api/films/6/",
          "https://swapi.co/api/films/3/",
          "https://swapi.co/api/films/1/",
          "https://swapi.co/api/films/7/",
        ],
        "gender": "female",
        "hair_color": "brown",
        "height": "150",
        "homeworld": "https://swapi.co/api/planets/2/",
        "mass": "49",
        "name": "Leia Organa",
        "skin_color": "light",
        "species": Array [
          "https://swapi.co/api/species/1/",
        ],
        "starships": Array [],
        "url": "https://swapi.co/api/people/5/",
        "vehicles": Array [
          "https://swapi.co/api/vehicles/30/",
        ],
      },
      Object {
        "birth_year": "52BBY",
        "created": "2014-12-10T15:52:14.024000Z",
        "edited": "2014-12-20T21:17:50.317000Z",
        "eye_color": "blue",
        "films": Array [
          "https://swapi.co/api/films/5/",
          "https://swapi.co/api/films/6/",
          "https://swapi.co/api/films/1/",
        ],
        "gender": "male",
        "hair_color": "brown, grey",
        "height": "178",
        "homeworld": "https://swapi.co/api/planets/1/",
        "mass": "120",
        "name": "Owen Lars",
        "skin_color": "light",
        "species": Array [
          "https://swapi.co/api/species/1/",
        ],
        "starships": Array [],
        "url": "https://swapi.co/api/people/6/",
        "vehicles": Array [],
      },
      Object {
        "birth_year": "47BBY",
        "created": "2014-12-10T15:53:41.121000Z",
        "edited": "2014-12-20T21:17:50.319000Z",
        "eye_color": "blue",
        "films": Array [
          "https://swapi.co/api/films/5/",
          "https://swapi.co/api/films/6/",
          "https://swapi.co/api/films/1/",
        ],
        "gender": "female",
        "hair_color": "brown",
        "height": "165",
        "homeworld": "https://swapi.co/api/planets/1/",
        "mass": "75",
        "name": "Beru Whitesun lars",
        "skin_color": "light",
        "species": Array [
          "https://swapi.co/api/species/1/",
        ],
        "starships": Array [],
        "url": "https://swapi.co/api/people/7/",
        "vehicles": Array [],
      },
      Object {
        "birth_year": "unknown",
        "created": "2014-12-10T15:57:50.959000Z",
        "edited": "2014-12-20T21:17:50.321000Z",
        "eye_color": "red",
        "films": Array [
          "https://swapi.co/api/films/1/",
        ],
        "gender": "n/a",
        "hair_color": "n/a",
        "height": "97",
        "homeworld": "https://swapi.co/api/planets/1/",
        "mass": "32",
        "name": "R5-D4",
        "skin_color": "white, red",
        "species": Array [
          "https://swapi.co/api/species/2/",
        ],
        "starships": Array [],
        "url": "https://swapi.co/api/people/8/",
        "vehicles": Array [],
      },
      Object {
        "birth_year": "24BBY",
        "created": "2014-12-10T15:59:50.509000Z",
        "edited": "2014-12-20T21:17:50.323000Z",
        "eye_color": "brown",
        "films": Array [
          "https://swapi.co/api/films/1/",
        ],
        "gender": "male",
        "hair_color": "black",
        "height": "183",
        "homeworld": "https://swapi.co/api/planets/1/",
        "mass": "84",
        "name": "Biggs Darklighter",
        "skin_color": "light",
        "species": Array [
          "https://swapi.co/api/species/1/",
        ],
        "starships": Array [
          "https://swapi.co/api/starships/12/",
        ],
        "url": "https://swapi.co/api/people/9/",
        "vehicles": Array [],
      },
      Object {
        "birth_year": "57BBY",
        "created": "2014-12-10T16:16:29.192000Z",
        "edited": "2014-12-20T21:17:50.325000Z",
        "eye_color": "blue-gray",
        "films": Array [
          "https://swapi.co/api/films/2/",
          "https://swapi.co/api/films/5/",
          "https://swapi.co/api/films/4/",
          "https://swapi.co/api/films/6/",
          "https://swapi.co/api/films/3/",
          "https://swapi.co/api/films/1/",
        ],
        "gender": "male",
        "hair_color": "auburn, white",
        "height": "182",
        "homeworld": "https://swapi.co/api/planets/20/",
        "mass": "77",
        "name": "Obi-Wan Kenobi",
        "skin_color": "fair",
        "species": Array [
          "https://swapi.co/api/species/1/",
        ],
        "starships": Array [
          "https://swapi.co/api/starships/48/",
          "https://swapi.co/api/starships/59/",
          "https://swapi.co/api/starships/64/",
          "https://swapi.co/api/starships/65/",
          "https://swapi.co/api/starships/74/",
        ],
        "url": "https://swapi.co/api/people/10/",
        "vehicles": Array [
          "https://swapi.co/api/vehicles/38/",
        ],
      },
    ],
  },
  "planets": Object {
    "count": 61,
    "next": "https://swapi.co/api/planets/?page=2",
    "previous": null,
    "results": Array [
      Object {
        "climate": "temperate",
        "created": "2014-12-10T11:35:48.479000Z",
        "diameter": "12500",
        "edited": "2014-12-20T20:58:18.420000Z",
        "films": Array [
          "https://swapi.co/api/films/6/",
          "https://swapi.co/api/films/1/",
        ],
        "gravity": "1 standard",
        "name": "Alderaan",
        "orbital_period": "364",
        "population": "2000000000",
        "residents": Array [
          "https://swapi.co/api/people/5/",
          "https://swapi.co/api/people/68/",
          "https://swapi.co/api/people/81/",
        ],
        "rotation_period": "24",
        "surface_water": "40",
        "terrain": "grasslands, mountains",
        "url": "https://swapi.co/api/planets/2/",
      },
      Object {
        "climate": "temperate, tropical",
        "created": "2014-12-10T11:37:19.144000Z",
        "diameter": "10200",
        "edited": "2014-12-20T20:58:18.421000Z",
        "films": Array [
          "https://swapi.co/api/films/1/",
        ],
        "gravity": "1 standard",
        "name": "Yavin IV",
        "orbital_period": "4818",
        "population": "1000",
        "residents": Array [],
        "rotation_period": "24",
        "surface_water": "8",
        "terrain": "jungle, rainforests",
        "url": "https://swapi.co/api/planets/3/",
      },
      Object {
        "climate": "frozen",
        "created": "2014-12-10T11:39:13.934000Z",
        "diameter": "7200",
        "edited": "2014-12-20T20:58:18.423000Z",
        "films": Array [
          "https://swapi.co/api/films/2/",
        ],
        "gravity": "1.1 standard",
        "name": "Hoth",
        "orbital_period": "549",
        "population": "unknown",
        "residents": Array [],
        "rotation_period": "23",
        "surface_water": "100",
        "terrain": "tundra, ice caves, mountain ranges",
        "url": "https://swapi.co/api/planets/4/",
      },
      Object {
        "climate": "murky",
        "created": "2014-12-10T11:42:22.590000Z",
        "diameter": "8900",
        "edited": "2014-12-20T20:58:18.425000Z",
        "films": Array [
          "https://swapi.co/api/films/2/",
          "https://swapi.co/api/films/6/",
          "https://swapi.co/api/films/3/",
        ],
        "gravity": "N/A",
        "name": "Dagobah",
        "orbital_period": "341",
        "population": "unknown",
        "residents": Array [],
        "rotation_period": "23",
        "surface_water": "8",
        "terrain": "swamp, jungles",
        "url": "https://swapi.co/api/planets/5/",
      },
      Object {
        "climate": "temperate",
        "created": "2014-12-10T11:43:55.240000Z",
        "diameter": "118000",
        "edited": "2014-12-20T20:58:18.427000Z",
        "films": Array [
          "https://swapi.co/api/films/2/",
        ],
        "gravity": "1.5 (surface), 1 standard (Cloud City)",
        "name": "Bespin",
        "orbital_period": "5110",
        "population": "6000000",
        "residents": Array [
          "https://swapi.co/api/people/26/",
        ],
        "rotation_period": "12",
        "surface_water": "0",
        "terrain": "gas giant",
        "url": "https://swapi.co/api/planets/6/",
      },
      Object {
        "climate": "temperate",
        "created": "2014-12-10T11:50:29.349000Z",
        "diameter": "4900",
        "edited": "2014-12-20T20:58:18.429000Z",
        "films": Array [
          "https://swapi.co/api/films/3/",
        ],
        "gravity": "0.85 standard",
        "name": "Endor",
        "orbital_period": "402",
        "population": "30000000",
        "residents": Array [
          "https://swapi.co/api/people/30/",
        ],
        "rotation_period": "18",
        "surface_water": "8",
        "terrain": "forests, mountains, lakes",
        "url": "https://swapi.co/api/planets/7/",
      },
      Object {
        "climate": "temperate",
        "created": "2014-12-10T11:52:31.066000Z",
        "diameter": "12120",
        "edited": "2014-12-20T20:58:18.430000Z",
        "films": Array [
          "https://swapi.co/api/films/5/",
          "https://swapi.co/api/films/4/",
          "https://swapi.co/api/films/6/",
          "https://swapi.co/api/films/3/",
        ],
        "gravity": "1 standard",
        "name": "Naboo",
        "orbital_period": "312",
        "population": "4500000000",
        "residents": Array [
          "https://swapi.co/api/people/3/",
          "https://swapi.co/api/people/21/",
          "https://swapi.co/api/people/36/",
          "https://swapi.co/api/people/37/",
          "https://swapi.co/api/people/38/",
          "https://swapi.co/api/people/39/",
          "https://swapi.co/api/people/42/",
          "https://swapi.co/api/people/60/",
          "https://swapi.co/api/people/61/",
          "https://swapi.co/api/people/66/",
          "https://swapi.co/api/people/35/",
        ],
        "rotation_period": "26",
        "surface_water": "12",
        "terrain": "grassy hills, swamps, forests, mountains",
        "url": "https://swapi.co/api/planets/8/",
      },
      Object {
        "climate": "temperate",
        "created": "2014-12-10T11:54:13.921000Z",
        "diameter": "12240",
        "edited": "2014-12-20T20:58:18.432000Z",
        "films": Array [
          "https://swapi.co/api/films/5/",
          "https://swapi.co/api/films/4/",
          "https://swapi.co/api/films/6/",
          "https://swapi.co/api/films/3/",
        ],
        "gravity": "1 standard",
        "name": "Coruscant",
        "orbital_period": "368",
        "population": "1000000000000",
        "residents": Array [
          "https://swapi.co/api/people/34/",
          "https://swapi.co/api/people/55/",
          "https://swapi.co/api/people/74/",
        ],
        "rotation_period": "24",
        "surface_water": "unknown",
        "terrain": "cityscape, mountains",
        "url": "https://swapi.co/api/planets/9/",
      },
      Object {
        "climate": "temperate",
        "created": "2014-12-10T12:45:06.577000Z",
        "diameter": "19720",
        "edited": "2014-12-20T20:58:18.434000Z",
        "films": Array [
          "https://swapi.co/api/films/5/",
        ],
        "gravity": "1 standard",
        "name": "Kamino",
        "orbital_period": "463",
        "population": "1000000000",
        "residents": Array [
          "https://swapi.co/api/people/22/",
          "https://swapi.co/api/people/72/",
          "https://swapi.co/api/people/73/",
        ],
        "rotation_period": "27",
        "surface_water": "100",
        "terrain": "ocean",
        "url": "https://swapi.co/api/planets/10/",
      },
      Object {
        "climate": "temperate, arid",
        "created": "2014-12-10T12:47:22.350000Z",
        "diameter": "11370",
        "edited": "2014-12-20T20:58:18.437000Z",
        "films": Array [
          "https://swapi.co/api/films/5/",
        ],
        "gravity": "0.9 standard",
        "name": "Geonosis",
        "orbital_period": "256",
        "population": "100000000000",
        "residents": Array [
          "https://swapi.co/api/people/63/",
        ],
        "rotation_period": "30",
        "surface_water": "5",
        "terrain": "rock, desert, mountain, barren",
        "url": "https://swapi.co/api/planets/11/",
      },
    ],
  },
  "vehicles": Object {
    "count": 39,
    "next": "https://swapi.co/api/vehicles/?page=2",
    "previous": null,
    "results": Array [
      Object {
        "cargo_capacity": "50000",
        "consumables": "2 months",
        "cost_in_credits": "150000",
        "created": "2014-12-10T15:36:25.724000Z",
        "crew": "46",
        "edited": "2014-12-22T18:21:15.523587Z",
        "films": Array [
          "https://swapi.co/api/films/5/",
          "https://swapi.co/api/films/1/",
        ],
        "length": "36.8",
        "manufacturer": "Corellia Mining Corporation",
        "max_atmosphering_speed": "30",
        "model": "Digger Crawler",
        "name": "Sand Crawler",
        "passengers": "30",
        "pilots": Array [],
        "url": "https://swapi.co/api/vehicles/4/",
        "vehicle_class": "wheeled",
      },
      Object {
        "cargo_capacity": "50",
        "consumables": "0",
        "cost_in_credits": "14500",
        "created": "2014-12-10T16:01:52.434000Z",
        "crew": "1",
        "edited": "2014-12-22T18:21:15.552614Z",
        "films": Array [
          "https://swapi.co/api/films/1/",
        ],
        "length": "10.4",
        "manufacturer": "Incom Corporation",
        "max_atmosphering_speed": "1200",
        "model": "T-16 skyhopper",
        "name": "T-16 skyhopper",
        "passengers": "1",
        "pilots": Array [],
        "url": "https://swapi.co/api/vehicles/6/",
        "vehicle_class": "repulsorcraft",
      },
      Object {
        "cargo_capacity": "5",
        "consumables": "unknown",
        "cost_in_credits": "10550",
        "created": "2014-12-10T16:13:52.586000Z",
        "crew": "1",
        "edited": "2014-12-22T18:21:15.583700Z",
        "films": Array [
          "https://swapi.co/api/films/1/",
        ],
        "length": "3.4",
        "manufacturer": "SoroSuub Corporation",
        "max_atmosphering_speed": "250",
        "model": "X-34 landspeeder",
        "name": "X-34 landspeeder",
        "passengers": "1",
        "pilots": Array [],
        "url": "https://swapi.co/api/vehicles/7/",
        "vehicle_class": "repulsorcraft",
      },
      Object {
        "cargo_capacity": "65",
        "consumables": "2 days",
        "cost_in_credits": "unknown",
        "created": "2014-12-10T16:33:52.860000Z",
        "crew": "1",
        "edited": "2014-12-22T18:21:15.606149Z",
        "films": Array [
          "https://swapi.co/api/films/2/",
          "https://swapi.co/api/films/3/",
          "https://swapi.co/api/films/1/",
        ],
        "length": "6.4",
        "manufacturer": "Sienar Fleet Systems",
        "max_atmosphering_speed": "1200",
        "model": "Twin Ion Engine/Ln Starfighter",
        "name": "TIE/LN starfighter",
        "passengers": "0",
        "pilots": Array [],
        "url": "https://swapi.co/api/vehicles/8/",
        "vehicle_class": "starfighter",
      },
      Object {
        "cargo_capacity": "10",
        "consumables": "none",
        "cost_in_credits": "unknown",
        "created": "2014-12-15T12:22:12Z",
        "crew": "2",
        "edited": "2014-12-22T18:21:15.623033Z",
        "films": Array [
          "https://swapi.co/api/films/2/",
        ],
        "length": "4.5",
        "manufacturer": "Incom corporation",
        "max_atmosphering_speed": "650",
        "model": "t-47 airspeeder",
        "name": "Snowspeeder",
        "passengers": "0",
        "pilots": Array [
          "https://swapi.co/api/people/1/",
          "https://swapi.co/api/people/18/",
        ],
        "url": "https://swapi.co/api/vehicles/14/",
        "vehicle_class": "airspeeder",
      },
      Object {
        "cargo_capacity": "none",
        "consumables": "2 days",
        "cost_in_credits": "unknown",
        "created": "2014-12-15T12:33:15.838000Z",
        "crew": "1",
        "edited": "2014-12-22T18:21:15.667730Z",
        "films": Array [
          "https://swapi.co/api/films/2/",
          "https://swapi.co/api/films/3/",
        ],
        "length": "7.8",
        "manufacturer": "Sienar Fleet Systems",
        "max_atmosphering_speed": "850",
        "model": "TIE/sa bomber",
        "name": "TIE bomber",
        "passengers": "0",
        "pilots": Array [],
        "url": "https://swapi.co/api/vehicles/16/",
        "vehicle_class": "space/planetary bomber",
      },
      Object {
        "cargo_capacity": "1000",
        "consumables": "unknown",
        "cost_in_credits": "unknown",
        "created": "2014-12-15T12:38:25.937000Z",
        "crew": "5",
        "edited": "2014-12-22T18:21:15.714673Z",
        "films": Array [
          "https://swapi.co/api/films/2/",
          "https://swapi.co/api/films/3/",
        ],
        "length": "20",
        "manufacturer": "Kuat Drive Yards, Imperial Department of Military Research",
        "max_atmosphering_speed": "60",
        "model": "All Terrain Armored Transport",
        "name": "AT-AT",
        "passengers": "40",
        "pilots": Array [],
        "url": "https://swapi.co/api/vehicles/18/",
        "vehicle_class": "assault walker",
      },
      Object {
        "cargo_capacity": "200",
        "consumables": "none",
        "cost_in_credits": "unknown",
        "created": "2014-12-15T12:46:42.384000Z",
        "crew": "2",
        "edited": "2014-12-22T18:21:15.761584Z",
        "films": Array [
          "https://swapi.co/api/films/2/",
          "https://swapi.co/api/films/3/",
        ],
        "length": "2",
        "manufacturer": "Kuat Drive Yards, Imperial Department of Military Research",
        "max_atmosphering_speed": "90",
        "model": "All Terrain Scout Transport",
        "name": "AT-ST",
        "passengers": "0",
        "pilots": Array [
          "https://swapi.co/api/people/13/",
        ],
        "url": "https://swapi.co/api/vehicles/19/",
        "vehicle_class": "walker",
      },
      Object {
        "cargo_capacity": "10",
        "consumables": "1 day",
        "cost_in_credits": "75000",
        "created": "2014-12-15T12:58:50.530000Z",
        "crew": "2",
        "edited": "2014-12-22T18:21:15.783232Z",
        "films": Array [
          "https://swapi.co/api/films/2/",
        ],
        "length": "7",
        "manufacturer": "Bespin Motors",
        "max_atmosphering_speed": "1500",
        "model": "Storm IV Twin-Pod",
        "name": "Storm IV Twin-Pod cloud car",
        "passengers": "0",
        "pilots": Array [],
        "url": "https://swapi.co/api/vehicles/20/",
        "vehicle_class": "repulsorcraft",
      },
      Object {
        "cargo_capacity": "2000000",
        "consumables": "Live food tanks",
        "cost_in_credits": "285000",
        "created": "2014-12-18T10:44:14.217000Z",
        "crew": "26",
        "edited": "2014-12-22T18:21:15.807906Z",
        "films": Array [
          "https://swapi.co/api/films/3/",
        ],
        "length": "30",
        "manufacturer": "Ubrikkian Industries Custom Vehicle Division",
        "max_atmosphering_speed": "100",
        "model": "Modified Luxury Sail Barge",
        "name": "Sail barge",
        "passengers": "500",
        "pilots": Array [],
        "url": "https://swapi.co/api/vehicles/24/",
        "vehicle_class": "sail barge",
      },
    ],
  },
}
`;
